abr. 22, 2026 9:52:19 PM liquibase.changelog
INFO: Reading resource: db/changelog/migrations/db.changelog-202408191938.sql
abr. 22, 2026 9:52:20 PM liquibase.changelog
INFO: Reading resource: db/changelog/migrations/db.changelog-202408210954.sql
abr. 22, 2026 9:52:20 PM liquibase.changelog
INFO: Reading resource: db/changelog/migrations/db.changelog-202408211004.sql
abr. 22, 2026 9:52:20 PM liquibase.changelog
INFO: Reading resource: db/changelog/migrations/db.changelog-202408211005.sql
abr. 22, 2026 9:52:20 PM liquibase.changelog
INFO: Reading resource: db/changelog/migrations/db.changelog-202408281807.sql
abr. 22, 2026 9:52:20 PM liquibase.changelog
INFO: Creating database history table with name: board.databasechangelog
abr. 22, 2026 9:52:21 PM liquibase.changelog
INFO: Reading from board.databasechangelog
abr. 22, 2026 9:52:21 PM liquibase.executor
WARNING: Name 'PK_DATABASECHANGELOGLOCK' ignored for PRIMARY key.
abr. 22, 2026 9:52:22 PM liquibase.lockservice
INFO: Successfully acquired change log lock
abr. 22, 2026 9:52:22 PM liquibase.command
INFO: Using deploymentId: 6905542407
abr. 22, 2026 9:52:22 PM liquibase.changelog
INFO: Reading from board.databasechangelog
Running Changeset: db/changelog/migrations/db.changelog-202408191938.sql::202408191938::junior
abr. 22, 2026 9:52:22 PM liquibase.changelog
INFO: Custom SQL executed
abr. 22, 2026 9:52:22 PM liquibase.changelog
INFO: ChangeSet db/changelog/migrations/db.changelog-202408191938.sql::202408191938::junior ran successfully in 212ms
Running Changeset: db/changelog/migrations/db.changelog-202408210954.sql::202408191938::junior
abr. 22, 2026 9:52:22 PM liquibase.changelog
INFO: Custom SQL executed
abr. 22, 2026 9:52:22 PM liquibase.changelog
INFO: ChangeSet db/changelog/migrations/db.changelog-202408210954.sql::202408191938::junior ran successfully in 82ms
Running Changeset: db/changelog/migrations/db.changelog-202408211004.sql::202408191938::junior
abr. 22, 2026 9:52:22 PM liquibase.changelog
INFO: Custom SQL executed
abr. 22, 2026 9:52:22 PM liquibase.changelog
INFO: ChangeSet db/changelog/migrations/db.changelog-202408211004.sql::202408191938::junior ran successfully in 67ms
Running Changeset: db/changelog/migrations/db.changelog-202408211005.sql::202408191938::junior
abr. 22, 2026 9:52:23 PM liquibase.changelog
INFO: Custom SQL executed
abr. 22, 2026 9:52:23 PM liquibase.changelog
INFO: ChangeSet db/changelog/migrations/db.changelog-202408211005.sql::202408191938::junior ran successfully in 95ms
Running Changeset: db/changelog/migrations/db.changelog-202408281807.sql::202408191938::junior
abr. 22, 2026 9:52:23 PM liquibase.changelog
INFO: Custom SQL executed
abr. 22, 2026 9:52:23 PM liquibase.changelog
INFO: ChangeSet db/changelog/migrations/db.changelog-202408281807.sql::202408191938::junior ran successfully in 93ms

UPDATE SUMMARY
Run:                          5
Previously run:               0
Filtered out:                 0
-------------------------------
Total change sets:            5

abr. 22, 2026 9:52:23 PM liquibase.util
INFO: UPDATE SUMMARY
abr. 22, 2026 9:52:23 PM liquibase.util
INFO: Run:                          5
abr. 22, 2026 9:52:23 PM liquibase.util
INFO: Previously run:               0
abr. 22, 2026 9:52:23 PM liquibase.util
INFO: Filtered out:                 0
abr. 22, 2026 9:52:23 PM liquibase.util
INFO: -------------------------------
abr. 22, 2026 9:52:23 PM liquibase.util
INFO: Total change sets:            5
abr. 22, 2026 9:52:23 PM liquibase.util
INFO: Update summary generated
abr. 22, 2026 9:52:23 PM liquibase.command
INFO: Update command completed successfully.
Liquibase: Update has been successful. Rows affected: 5
abr. 22, 2026 9:52:23 PM liquibase.lockservice
INFO: Successfully released change log lock
abr. 22, 2026 9:52:23 PM liquibase.command
INFO: Command execution complete
